// Jest Snapshot v1, https://goo.gl/fbAQLP

exports[`App Render App 1`] = `
Object {
  "asFragment": [Function],
  "baseElement": <body>
    <div>
      <div>
        <div
          styles="align-items: center;"
        >
          <div
            class="login-container"
          >
            <form
              class="login-form"
            >
              <h2>
                Login
              </h2>
              <div
                class="form-group"
              >
                <label>
                  Username:
                </label>
                <input
                  data-testid="username"
                  id="username"
                  name="username"
                  placeholder="Enter your username"
                  type="text"
                  value=""
                />
              </div>
              <div
                class="form-group"
              >
                <label>
                  Password:
                </label>
                <input
                  data-testid="password"
                  id="password"
                  name="password"
                  placeholder="Enter your password"
                  type="password"
                  value=""
                />
              </div>
              <button
                class="login-btn"
                data-testid="submit"
                type="submit"
              >
                Login
              </button>
            </form>
          </div>
        </div>
      </div>
    </div>
  </body>,
  "container": <div>
    <div>
      <div
        styles="align-items: center;"
      >
        <div
          class="login-container"
        >
          <form
            class="login-form"
          >
            <h2>
              Login
            </h2>
            <div
              class="form-group"
            >
              <label>
                Username:
              </label>
              <input
                data-testid="username"
                id="username"
                name="username"
                placeholder="Enter your username"
                type="text"
                value=""
              />
            </div>
            <div
              class="form-group"
            >
              <label>
                Password:
              </label>
              <input
                data-testid="password"
                id="password"
                name="password"
                placeholder="Enter your password"
                type="password"
                value=""
              />
            </div>
            <button
              class="login-btn"
              data-testid="submit"
              type="submit"
            >
              Login
            </button>
          </form>
        </div>
      </div>
    </div>
  </div>,
  "debug": [Function],
  "findAllByAltText": [Function],
  "findAllByDisplayValue": [Function],
  "findAllByLabelText": [Function],
  "findAllByPlaceholderText": [Function],
  "findAllByRole": [Function],
  "findAllByTestId": [Function],
  "findAllByText": [Function],
  "findAllByTitle": [Function],
  "findByAltText": [Function],
  "findByDisplayValue": [Function],
  "findByLabelText": [Function],
  "findByPlaceholderText": [Function],
  "findByRole": [Function],
  "findByTestId": [Function],
  "findByText": [Function],
  "findByTitle": [Function],
  "getAllByAltText": [Function],
  "getAllByDisplayValue": [Function],
  "getAllByLabelText": [Function],
  "getAllByPlaceholderText": [Function],
  "getAllByRole": [Function],
  "getAllByTestId": [Function],
  "getAllByText": [Function],
  "getAllByTitle": [Function],
  "getByAltText": [Function],
  "getByDisplayValue": [Function],
  "getByLabelText": [Function],
  "getByPlaceholderText": [Function],
  "getByRole": [Function],
  "getByTestId": [Function],
  "getByText": [Function],
  "getByTitle": [Function],
  "queryAllByAltText": [Function],
  "queryAllByDisplayValue": [Function],
  "queryAllByLabelText": [Function],
  "queryAllByPlaceholderText": [Function],
  "queryAllByRole": [Function],
  "queryAllByTestId": [Function],
  "queryAllByText": [Function],
  "queryAllByTitle": [Function],
  "queryByAltText": [Function],
  "queryByDisplayValue": [Function],
  "queryByLabelText": [Function],
  "queryByPlaceholderText": [Function],
  "queryByRole": [Function],
  "queryByTestId": [Function],
  "queryByText": [Function],
  "queryByTitle": [Function],
  "rerender": [Function],
  "unmount": [Function],
}
`;
